---
source: tests/parser_tests.rs
expression: parse_result
input_file: tests/parser_inputs/expr3.stelo
---
Stelo {
    items: [
        Item {
            kind: Mod(
                Inline(
                    [
                        Item {
                            kind: Fn(
                                Function {
                                    span: Span {
                                        start: 15,
                                        end: 238,
                                    },
                                    sig: FnSig {
                                        params: [],
                                        ret_ty: Default,
                                        span: Span {
                                            start: 18,
                                            end: 24,
                                        },
                                    },
                                    body: Block {
                                        id: NodeId(
                                            47,
                                        ),
                                        stmts: [
                                            Stmt {
                                                id: NodeId(
                                                    46,
                                                ),
                                                kind: Let(
                                                    Local {
                                                        id: NodeId(
                                                            45,
                                                        ),
                                                        pat: Pat {
                                                            id: NodeId(
                                                                1,
                                                            ),
                                                            kind: Ident(
                                                                Ident {
                                                                    name: Symbol(
                                                                        3,
                                                                    ),
                                                                    span: Span {
                                                                        start: 39,
                                                                        end: 40,
                                                                    },
                                                                },
                                                            ),
                                                            span: Span {
                                                                start: 39,
                                                                end: 40,
                                                            },
                                                        },
                                                        kind: Init(
                                                            Expr {
                                                                id: NodeId(
                                                                    44,
                                                                ),
                                                                kind: If(
                                                                    Expr {
                                                                        id: NodeId(
                                                                            16,
                                                                        ),
                                                                        kind: Binary(
                                                                            BinOp {
                                                                                kind: Eq,
                                                                                span: Span {
                                                                                    start: 74,
                                                                                    end: 76,
                                                                                },
                                                                            },
                                                                            Expr {
                                                                                id: NodeId(
                                                                                    14,
                                                                                ),
                                                                                kind: If(
                                                                                    Expr {
                                                                                        id: NodeId(
                                                                                            4,
                                                                                        ),
                                                                                        kind: Binary(
                                                                                            BinOp {
                                                                                                kind: Lt,
                                                                                                span: Span {
                                                                                                    start: 51,
                                                                                                    end: 52,
                                                                                                },
                                                                                            },
                                                                                            Expr {
                                                                                                id: NodeId(
                                                                                                    2,
                                                                                                ),
                                                                                                kind: Lit(
                                                                                                    Lit {
                                                                                                        kind: Integer,
                                                                                                        symbol: Symbol(
                                                                                                            4,
                                                                                                        ),
                                                                                                    },
                                                                                                ),
                                                                                                span: Span {
                                                                                                    start: 49,
                                                                                                    end: 50,
                                                                                                },
                                                                                            },
                                                                                            Expr {
                                                                                                id: NodeId(
                                                                                                    3,
                                                                                                ),
                                                                                                kind: Lit(
                                                                                                    Lit {
                                                                                                        kind: Integer,
                                                                                                        symbol: Symbol(
                                                                                                            5,
                                                                                                        ),
                                                                                                    },
                                                                                                ),
                                                                                                span: Span {
                                                                                                    start: 53,
                                                                                                    end: 54,
                                                                                                },
                                                                                            },
                                                                                        ),
                                                                                        span: Span {
                                                                                            start: 49,
                                                                                            end: 54,
                                                                                        },
                                                                                    },
                                                                                    Block {
                                                                                        id: NodeId(
                                                                                            7,
                                                                                        ),
                                                                                        stmts: [
                                                                                            Stmt {
                                                                                                id: NodeId(
                                                                                                    6,
                                                                                                ),
                                                                                                kind: Expr(
                                                                                                    Expr {
                                                                                                        id: NodeId(
                                                                                                            5,
                                                                                                        ),
                                                                                                        kind: Lit(
                                                                                                            Lit {
                                                                                                                kind: Integer,
                                                                                                                symbol: Symbol(
                                                                                                                    6,
                                                                                                                ),
                                                                                                            },
                                                                                                        ),
                                                                                                        span: Span {
                                                                                                            start: 57,
                                                                                                            end: 58,
                                                                                                        },
                                                                                                    },
                                                                                                ),
                                                                                                span: Span {
                                                                                                    start: 57,
                                                                                                    end: 58,
                                                                                                },
                                                                                            },
                                                                                        ],
                                                                                        span: Span {
                                                                                            start: 55,
                                                                                            end: 60,
                                                                                        },
                                                                                    },
                                                                                    Some(
                                                                                        Expr {
                                                                                            id: NodeId(
                                                                                                13,
                                                                                            ),
                                                                                            kind: Block(
                                                                                                Block {
                                                                                                    id: NodeId(
                                                                                                        12,
                                                                                                    ),
                                                                                                    stmts: [
                                                                                                        Stmt {
                                                                                                            id: NodeId(
                                                                                                                11,
                                                                                                            ),
                                                                                                            kind: Expr(
                                                                                                                Expr {
                                                                                                                    id: NodeId(
                                                                                                                        10,
                                                                                                                    ),
                                                                                                                    kind: Binary(
                                                                                                                        BinOp {
                                                                                                                            kind: Add,
                                                                                                                            span: Span {
                                                                                                                                start: 69,
                                                                                                                                end: 70,
                                                                                                                            },
                                                                                                                        },
                                                                                                                        Expr {
                                                                                                                            id: NodeId(
                                                                                                                                8,
                                                                                                                            ),
                                                                                                                            kind: Lit(
                                                                                                                                Lit {
                                                                                                                                    kind: Integer,
                                                                                                                                    symbol: Symbol(
                                                                                                                                        7,
                                                                                                                                    ),
                                                                                                                                },
                                                                                                                            ),
                                                                                                                            span: Span {
                                                                                                                                start: 67,
                                                                                                                                end: 68,
                                                                                                                            },
                                                                                                                        },
                                                                                                                        Expr {
                                                                                                                            id: NodeId(
                                                                                                                                9,
                                                                                                                            ),
                                                                                                                            kind: Lit(
                                                                                                                                Lit {
                                                                                                                                    kind: Integer,
                                                                                                                                    symbol: Symbol(
                                                                                                                                        8,
                                                                                                                                    ),
                                                                                                                                },
                                                                                                                            ),
                                                                                                                            span: Span {
                                                                                                                                start: 71,
                                                                                                                                end: 72,
                                                                                                                            },
                                                                                                                        },
                                                                                                                    ),
                                                                                                                    span: Span {
                                                                                                                        start: 67,
                                                                                                                        end: 72,
                                                                                                                    },
                                                                                                                },
                                                                                                            ),
                                                                                                            span: Span {
                                                                                                                start: 67,
                                                                                                                end: 72,
                                                                                                            },
                                                                                                        },
                                                                                                    ],
                                                                                                    span: Span {
                                                                                                        start: 66,
                                                                                                        end: 73,
                                                                                                    },
                                                                                                },
                                                                                            ),
                                                                                            span: Span {
                                                                                                start: 66,
                                                                                                end: 73,
                                                                                            },
                                                                                        },
                                                                                    ),
                                                                                ),
                                                                                span: Span {
                                                                                    start: 46,
                                                                                    end: 73,
                                                                                },
                                                                            },
                                                                            Expr {
                                                                                id: NodeId(
                                                                                    15,
                                                                                ),
                                                                                kind: Lit(
                                                                                    Lit {
                                                                                        kind: Integer,
                                                                                        symbol: Symbol(
                                                                                            9,
                                                                                        ),
                                                                                    },
                                                                                ),
                                                                                span: Span {
                                                                                    start: 77,
                                                                                    end: 78,
                                                                                },
                                                                            },
                                                                        ),
                                                                        span: Span {
                                                                            start: 46,
                                                                            end: 78,
                                                                        },
                                                                    },
                                                                    Block {
                                                                        id: NodeId(
                                                                            39,
                                                                        ),
                                                                        stmts: [
                                                                            Stmt {
                                                                                id: NodeId(
                                                                                    21,
                                                                                ),
                                                                                kind: Let(
                                                                                    Local {
                                                                                        id: NodeId(
                                                                                            20,
                                                                                        ),
                                                                                        pat: Pat {
                                                                                            id: NodeId(
                                                                                                17,
                                                                                            ),
                                                                                            kind: Ident(
                                                                                                Ident {
                                                                                                    name: Symbol(
                                                                                                        10,
                                                                                                    ),
                                                                                                    span: Span {
                                                                                                        start: 97,
                                                                                                        end: 98,
                                                                                                    },
                                                                                                },
                                                                                            ),
                                                                                            span: Span {
                                                                                                start: 97,
                                                                                                end: 98,
                                                                                            },
                                                                                        },
                                                                                        kind: Init(
                                                                                            Expr {
                                                                                                id: NodeId(
                                                                                                    19,
                                                                                                ),
                                                                                                kind: Lit(
                                                                                                    Lit {
                                                                                                        kind: Integer,
                                                                                                        symbol: Symbol(
                                                                                                            12,
                                                                                                        ),
                                                                                                    },
                                                                                                ),
                                                                                                span: Span {
                                                                                                    start: 106,
                                                                                                    end: 107,
                                                                                                },
                                                                                            },
                                                                                        ),
                                                                                        ty: Some(
                                                                                            Ty {
                                                                                                kind: Path(
                                                                                                    Path {
                                                                                                        span: Span {
                                                                                                            start: 100,
                                                                                                            end: 103,
                                                                                                        },
                                                                                                        segments: [
                                                                                                            PathSegment {
                                                                                                                ident: Ident {
                                                                                                                    name: Symbol(
                                                                                                                        11,
                                                                                                                    ),
                                                                                                                    span: Span {
                                                                                                                        start: 100,
                                                                                                                        end: 103,
                                                                                                                    },
                                                                                                                },
                                                                                                                id: NodeId(
                                                                                                                    18,
                                                                                                                ),
                                                                                                            },
                                                                                                        ],
                                                                                                    },
                                                                                                ),
                                                                                                span: Span {
                                                                                                    start: 100,
                                                                                                    end: 103,
                                                                                                },
                                                                                            },
                                                                                        ),
                                                                                        span: Span {
                                                                                            start: 93,
                                                                                            end: 108,
                                                                                        },
                                                                                    },
                                                                                ),
                                                                                span: Span {
                                                                                    start: 93,
                                                                                    end: 108,
                                                                                },
                                                                            },
                                                                            Stmt {
                                                                                id: NodeId(
                                                                                    35,
                                                                                ),
                                                                                kind: While(
                                                                                    Expr {
                                                                                        id: NodeId(
                                                                                            25,
                                                                                        ),
                                                                                        kind: Binary(
                                                                                            BinOp {
                                                                                                kind: Lt,
                                                                                                span: Span {
                                                                                                    start: 130,
                                                                                                    end: 131,
                                                                                                },
                                                                                            },
                                                                                            Expr {
                                                                                                id: NodeId(
                                                                                                    23,
                                                                                                ),
                                                                                                kind: Path(
                                                                                                    Path {
                                                                                                        span: Span {
                                                                                                            start: 128,
                                                                                                            end: 129,
                                                                                                        },
                                                                                                        segments: [
                                                                                                            PathSegment {
                                                                                                                ident: Ident {
                                                                                                                    name: Symbol(
                                                                                                                        10,
                                                                                                                    ),
                                                                                                                    span: Span {
                                                                                                                        start: 128,
                                                                                                                        end: 129,
                                                                                                                    },
                                                                                                                },
                                                                                                                id: NodeId(
                                                                                                                    22,
                                                                                                                ),
                                                                                                            },
                                                                                                        ],
                                                                                                    },
                                                                                                ),
                                                                                                span: Span {
                                                                                                    start: 128,
                                                                                                    end: 129,
                                                                                                },
                                                                                            },
                                                                                            Expr {
                                                                                                id: NodeId(
                                                                                                    24,
                                                                                                ),
                                                                                                kind: Lit(
                                                                                                    Lit {
                                                                                                        kind: Integer,
                                                                                                        symbol: Symbol(
                                                                                                            13,
                                                                                                        ),
                                                                                                    },
                                                                                                ),
                                                                                                span: Span {
                                                                                                    start: 132,
                                                                                                    end: 133,
                                                                                                },
                                                                                            },
                                                                                        ),
                                                                                        span: Span {
                                                                                            start: 128,
                                                                                            end: 133,
                                                                                        },
                                                                                    },
                                                                                    Block {
                                                                                        id: NodeId(
                                                                                            34,
                                                                                        ),
                                                                                        stmts: [
                                                                                            Stmt {
                                                                                                id: NodeId(
                                                                                                    33,
                                                                                                ),
                                                                                                kind: Semi(
                                                                                                    Expr {
                                                                                                        id: NodeId(
                                                                                                            32,
                                                                                                        ),
                                                                                                        kind: Assign(
                                                                                                            Expr {
                                                                                                                id: NodeId(
                                                                                                                    27,
                                                                                                                ),
                                                                                                                kind: Path(
                                                                                                                    Path {
                                                                                                                        span: Span {
                                                                                                                            start: 152,
                                                                                                                            end: 153,
                                                                                                                        },
                                                                                                                        segments: [
                                                                                                                            PathSegment {
                                                                                                                                ident: Ident {
                                                                                                                                    name: Symbol(
                                                                                                                                        10,
                                                                                                                                    ),
                                                                                                                                    span: Span {
                                                                                                                                        start: 152,
                                                                                                                                        end: 153,
                                                                                                                                    },
                                                                                                                                },
                                                                                                                                id: NodeId(
                                                                                                                                    26,
                                                                                                                                ),
                                                                                                                            },
                                                                                                                        ],
                                                                                                                    },
                                                                                                                ),
                                                                                                                span: Span {
                                                                                                                    start: 152,
                                                                                                                    end: 153,
                                                                                                                },
                                                                                                            },
                                                                                                            Expr {
                                                                                                                id: NodeId(
                                                                                                                    31,
                                                                                                                ),
                                                                                                                kind: Binary(
                                                                                                                    BinOp {
                                                                                                                        kind: Add,
                                                                                                                        span: Span {
                                                                                                                            start: 158,
                                                                                                                            end: 159,
                                                                                                                        },
                                                                                                                    },
                                                                                                                    Expr {
                                                                                                                        id: NodeId(
                                                                                                                            29,
                                                                                                                        ),
                                                                                                                        kind: Path(
                                                                                                                            Path {
                                                                                                                                span: Span {
                                                                                                                                    start: 156,
                                                                                                                                    end: 157,
                                                                                                                                },
                                                                                                                                segments: [
                                                                                                                                    PathSegment {
                                                                                                                                        ident: Ident {
                                                                                                                                            name: Symbol(
                                                                                                                                                10,
                                                                                                                                            ),
                                                                                                                                            span: Span {
                                                                                                                                                start: 156,
                                                                                                                                                end: 157,
                                                                                                                                            },
                                                                                                                                        },
                                                                                                                                        id: NodeId(
                                                                                                                                            28,
                                                                                                                                        ),
                                                                                                                                    },
                                                                                                                                ],
                                                                                                                            },
                                                                                                                        ),
                                                                                                                        span: Span {
                                                                                                                            start: 156,
                                                                                                                            end: 157,
                                                                                                                        },
                                                                                                                    },
                                                                                                                    Expr {
                                                                                                                        id: NodeId(
                                                                                                                            30,
                                                                                                                        ),
                                                                                                                        kind: Lit(
                                                                                                                            Lit {
                                                                                                                                kind: Integer,
                                                                                                                                symbol: Symbol(
                                                                                                                                    4,
                                                                                                                                ),
                                                                                                                            },
                                                                                                                        ),
                                                                                                                        span: Span {
                                                                                                                            start: 160,
                                                                                                                            end: 161,
                                                                                                                        },
                                                                                                                    },
                                                                                                                ),
                                                                                                                span: Span {
                                                                                                                    start: 156,
                                                                                                                    end: 161,
                                                                                                                },
                                                                                                            },
                                                                                                        ),
                                                                                                        span: Span {
                                                                                                            start: 152,
                                                                                                            end: 161,
                                                                                                        },
                                                                                                    },
                                                                                                ),
                                                                                                span: Span {
                                                                                                    start: 152,
                                                                                                    end: 162,
                                                                                                },
                                                                                            },
                                                                                        ],
                                                                                        span: Span {
                                                                                            start: 134,
                                                                                            end: 176,
                                                                                        },
                                                                                    },
                                                                                ),
                                                                                span: Span {
                                                                                    start: 122,
                                                                                    end: 176,
                                                                                },
                                                                            },
                                                                            Stmt {
                                                                                id: NodeId(
                                                                                    38,
                                                                                ),
                                                                                kind: Expr(
                                                                                    Expr {
                                                                                        id: NodeId(
                                                                                            37,
                                                                                        ),
                                                                                        kind: Path(
                                                                                            Path {
                                                                                                span: Span {
                                                                                                    start: 189,
                                                                                                    end: 190,
                                                                                                },
                                                                                                segments: [
                                                                                                    PathSegment {
                                                                                                        ident: Ident {
                                                                                                            name: Symbol(
                                                                                                                10,
                                                                                                            ),
                                                                                                            span: Span {
                                                                                                                start: 189,
                                                                                                                end: 190,
                                                                                                            },
                                                                                                        },
                                                                                                        id: NodeId(
                                                                                                            36,
                                                                                                        ),
                                                                                                    },
                                                                                                ],
                                                                                            },
                                                                                        ),
                                                                                        span: Span {
                                                                                            start: 189,
                                                                                            end: 190,
                                                                                        },
                                                                                    },
                                                                                ),
                                                                                span: Span {
                                                                                    start: 189,
                                                                                    end: 190,
                                                                                },
                                                                            },
                                                                        ],
                                                                        span: Span {
                                                                            start: 79,
                                                                            end: 200,
                                                                        },
                                                                    },
                                                                    Some(
                                                                        Expr {
                                                                            id: NodeId(
                                                                                43,
                                                                            ),
                                                                            kind: Block(
                                                                                Block {
                                                                                    id: NodeId(
                                                                                        42,
                                                                                    ),
                                                                                    stmts: [
                                                                                        Stmt {
                                                                                            id: NodeId(
                                                                                                41,
                                                                                            ),
                                                                                            kind: Expr(
                                                                                                Expr {
                                                                                                    id: NodeId(
                                                                                                        40,
                                                                                                    ),
                                                                                                    kind: Lit(
                                                                                                        Lit {
                                                                                                            kind: Integer,
                                                                                                            symbol: Symbol(
                                                                                                                14,
                                                                                                            ),
                                                                                                        },
                                                                                                    ),
                                                                                                    span: Span {
                                                                                                        start: 220,
                                                                                                        end: 221,
                                                                                                    },
                                                                                                },
                                                                                            ),
                                                                                            span: Span {
                                                                                                start: 220,
                                                                                                end: 221,
                                                                                            },
                                                                                        },
                                                                                    ],
                                                                                    span: Span {
                                                                                        start: 206,
                                                                                        end: 231,
                                                                                    },
                                                                                },
                                                                            ),
                                                                            span: Span {
                                                                                start: 206,
                                                                                end: 231,
                                                                            },
                                                                        },
                                                                    ),
                                                                ),
                                                                span: Span {
                                                                    start: 43,
                                                                    end: 231,
                                                                },
                                                            },
                                                        ),
                                                        ty: None,
                                                        span: Span {
                                                            start: 35,
                                                            end: 232,
                                                        },
                                                    },
                                                ),
                                                span: Span {
                                                    start: 35,
                                                    end: 232,
                                                },
                                            },
                                        ],
                                        span: Span {
                                            start: 25,
                                            end: 238,
                                        },
                                    },
                                },
                            ),
                            id: NodeId(
                                48,
                            ),
                            span: Span {
                                start: 15,
                                end: 238,
                            },
                            ident: Ident {
                                name: Symbol(
                                    2,
                                ),
                                span: Span {
                                    start: 18,
                                    end: 22,
                                },
                            },
                        },
                    ],
                    ModSpan {
                        inner_span: Span {
                            start: 9,
                            end: 240,
                        },
                    },
                ),
            ),
            id: NodeId(
                49,
            ),
            span: Span {
                start: 0,
                end: 240,
            },
            ident: Ident {
                name: Symbol(
                    1,
                ),
                span: Span {
                    start: 4,
                    end: 8,
                },
            },
        },
    ],
    span: ModSpan {
        inner_span: Span {
            start: 0,
            end: 240,
        },
    },
    id: NodeId(
        0,
    ),
}
